// Jest Snapshot v1, https://goo.gl/fbAQLP

exports[`Answer render Answer correctly 1`] = `
<View
  pointerEvents="box-none"
  style={
    Object {
      "flex": 1,
    }
  }
>
  <View
    collapsable={true}
    pointerEvents="box-none"
    style={
      Object {
        "flex": 1,
      }
    }
  >
    <View
      style={
        Object {
          "backgroundColor": "deepskyblue",
          "borderRadius": 5,
          "marginVertical": 10,
          "padding": 10,
        }
      }
    >
      <Text
        style={
          Object {
            "color": "snow",
          }
        }
      >
        one
      </Text>
    </View>
  </View>
</View>
`;
