// Jest Snapshot v1, https://goo.gl/fbAQLP

exports[`Game render Game correctly 1`] = `
<View
  pointerEvents="box-none"
  style={
    Object {
      "flex": 1,
    }
  }
>
  <View
    collapsable={true}
    pointerEvents="box-none"
    style={
      Object {
        "flex": 1,
      }
    }
  >
    <View
      style={
        Object {
          "backgroundColor": "#fff",
          "flex": 1,
          "padding": 30,
        }
      }
      testID="gameScreen"
    >
      <View
        style={
          Object {
            "height": 30,
            "marginTop": 20,
          }
        }
      >
        <TouchableWithoutFeedback
          accessibilityLabel="End Game"
          testID="endGameBtn"
        >
          <Text />
        </TouchableWithoutFeedback>
      </View>
      <View
        style={
          Object {
            "flex": 3,
          }
        }
      >
        <View
          style={
            Object {
              "alignItems": "flex-start",
              "flex": 1,
              "justifyContent": "center",
            }
          }
          testID="question"
        >
          <Text
            style={
              Object {
                "fontSize": 20,
              }
            }
          >
            Kampala is the capital of?
          </Text>
        </View>
      </View>
      <View
        style={
          Object {
            "flex": 2,
          }
        }
      >
        <View
          style={
            Object {
              "backgroundColor": "whitesmoke",
              "borderRadius": 2,
              "elevation": 3,
              "marginVertical": 10,
              "paddingHorizontal": 15,
              "paddingVertical": 15,
              "shadowColor": "#000",
              "shadowOffset": Object {
                "height": 1,
                "width": 0,
              },
              "shadowOpacity": 0.22,
              "shadowRadius": 2.22,
            }
          }
        >
          <Text
            style={
              Object {
                "fontSize": 16,
              }
            }
          >
            Kenya
          </Text>
        </View>
        <View
          style={
            Object {
              "backgroundColor": "whitesmoke",
              "borderRadius": 2,
              "elevation": 3,
              "marginVertical": 10,
              "paddingHorizontal": 15,
              "paddingVertical": 15,
              "shadowColor": "#000",
              "shadowOffset": Object {
                "height": 1,
                "width": 0,
              },
              "shadowOpacity": 0.22,
              "shadowRadius": 2.22,
            }
          }
        >
          <Text
            style={
              Object {
                "fontSize": 16,
              }
            }
          >
            Bhutan
          </Text>
        </View>
        <View
          style={
            Object {
              "backgroundColor": "whitesmoke",
              "borderRadius": 2,
              "elevation": 3,
              "marginVertical": 10,
              "paddingHorizontal": 15,
              "paddingVertical": 15,
              "shadowColor": "#000",
              "shadowOffset": Object {
                "height": 1,
                "width": 0,
              },
              "shadowOpacity": 0.22,
              "shadowRadius": 2.22,
            }
          }
        >
          <Text
            style={
              Object {
                "fontSize": 16,
              }
            }
          >
            Uganda
          </Text>
        </View>
        <View
          style={
            Object {
              "backgroundColor": "whitesmoke",
              "borderRadius": 2,
              "elevation": 3,
              "marginVertical": 10,
              "paddingHorizontal": 15,
              "paddingVertical": 15,
              "shadowColor": "#000",
              "shadowOffset": Object {
                "height": 1,
                "width": 0,
              },
              "shadowOpacity": 0.22,
              "shadowRadius": 2.22,
            }
          }
        >
          <Text
            style={
              Object {
                "fontSize": 16,
              }
            }
          >
            Rwanda
          </Text>
        </View>
      </View>
    </View>
  </View>
</View>
`;
