// Jest Snapshot v1, https://goo.gl/fbAQLP

exports[`Game render Game correctly 1`] = `
<View
  pointerEvents="box-none"
  style={
    Object {
      "flex": 1,
    }
  }
>
  <View
    collapsable={true}
    pointerEvents="box-none"
    style={
      Object {
        "flex": 1,
      }
    }
  >
    <View
      style={
        Object {
          "backgroundColor": "#fff",
          "flex": 1,
          "padding": 30,
        }
      }
      testID="gameScreen"
    >
      <View
        style={
          Object {
            "height": 30,
            "marginTop": 20,
          }
        }
      >
        <TouchableWithoutFeedback
          accessibilityLabel="End Game"
          testID="endGameBtn"
        >
          <Text />
        </TouchableWithoutFeedback>
      </View>
    </View>
  </View>
</View>
`;
