// Jest Snapshot v1, https://goo.gl/fbAQLP

exports[`Question render Question correctly 1`] = `
<View
  pointerEvents="box-none"
  style={
    Object {
      "flex": 1,
    }
  }
>
  <View
    collapsable={true}
    pointerEvents="box-none"
    style={
      Object {
        "flex": 1,
      }
    }
  >
    <View
      style={
        Object {
          "alignItems": "center",
          "flex": 1,
          "justifyContent": "center",
        }
      }
      testID="question"
    >
      <Text />
    </View>
  </View>
</View>
`;
