// Jest Snapshot v1, https://goo.gl/fbAQLP

exports[`Start should render correctly 1`] = `
<View
  pointerEvents="box-none"
  style={
    Object {
      "flex": 1,
    }
  }
>
  <View
    collapsable={true}
    pointerEvents="box-none"
    style={
      Object {
        "flex": 1,
      }
    }
  >
    <View
      style={
        Object {
          "alignItems": "center",
          "flex": 1,
          "justifyContent": "center",
        }
      }
      testID="startScreen"
    >
      <TouchableWithoutFeedback
        testID="startBtn"
      >
        <Text>
          Start
        </Text>
      </TouchableWithoutFeedback>
    </View>
  </View>
</View>
`;
