// Jest Snapshot v1, https://goo.gl/fbAQLP

exports[`Start should render correctly 1`] = `
<View
  pointerEvents="box-none"
  style={
    Object {
      "flex": 1,
    }
  }
>
  <View
    collapsable={true}
    pointerEvents="box-none"
    style={
      Object {
        "flex": 1,
      }
    }
  >
    <View
      style={
        Object {
          "alignItems": "center",
          "backgroundColor": "#56AFEA",
          "flex": 1,
          "justifyContent": "center",
        }
      }
      testID="startScreen"
    >
      <View
        style={
          Object {
            "paddingHorizontal": 20,
            "width": "100%",
          }
        }
      >
        <TouchableWithoutFeedback
          testID="startBtn"
        >
          <ViewManagerAdapter_ExpoLinearGradient
            proxiedProperties={
              Object {
                "colors": Array [
                  4284702066,
                  4282728784,
                ],
                "endPoint": undefined,
                "locations": undefined,
                "startPoint": undefined,
              }
            }
            style={
              Object {
                "alignItems": "center",
                "borderRadius": 20,
                "marginVertical": 5,
                "paddingHorizontal": 50,
                "paddingVertical": 15,
                "width": "100%",
              }
            }
          >
            <Text
              style={
                Object {
                  "color": "#ffffff",
                  "fontSize": 20,
                  "textTransform": "uppercase",
                }
              }
            >
              Start
            </Text>
          </ViewManagerAdapter_ExpoLinearGradient>
        </TouchableWithoutFeedback>
      </View>
    </View>
  </View>
</View>
`;
